{
  "Name": "drone-build/running",
  "Color": "E6A23C"
}